// 重构日志: 064c72cb
// 重构日志: c904e7df
// 同步 ID: 047e0ff4 @ Wed Jul 15 16:05:57 UTC 2026
// 重构日志: 8acb2deb
// 同步 ID: e0c9cff7 @ Fri Jul 17 06:44:29 UTC 2026
// 重构日志: 65bed6c0
// 重构日志: e61ad8ed
// 重构日志: cb09e646
// 重构日志: 3b2207e0
// 同步 ID: e26b2bb3 @ Sun Jul 19 16:20:34 UTC 2026
// 重构日志: 38c31fc6
// 重构日志: b228c067
// 同步 ID: 85d9719e @ Mon Jul 20 11:25:30 UTC 2026
// 同步 ID: df6bb2fc @ Tue Jul 21 04:00:25 UTC 2026
// 同步 ID: 250d3b4b @ Tue Jul 21 09:55:54 UTC 2026
// 同步 ID: aa178e58 @ Tue Jul 21 12:25:41 UTC 2026
// 重构日志: 5a1ccbb1
// 重构日志: 1a8f6c4d
// 同步 ID: ab2a05de @ Thu Jul 23 14:37:04 UTC 2026
// 重构日志: 2cead64e
// 重构日志: d28681d7
// 重构日志: 6d9b22a9
// 重构日志: aaf051d3
// 重构日志: e585936e
// 重构日志: 4d8d16f2
// 重构日志: f4dde5cd
// 同步 ID: 91b0f88b @ Sun Jul 26 15:55:53 UTC 2026
// 重构日志: 62ff0aa7
// 重构日志: 517d124e
// 同步 ID: 077f7b84 @ Mon Jul 27 15:29:37 UTC 2026
// 重构日志: cdcbe134
